// Jest Snapshot v1, https://goo.gl/fbAQLP

exports[`Home Component renders 1`] = `
<h1>
  Search Subreddits
</h1>
`;
